// 同步 ID: 7e7deaf6 @ Wed Jul 15 16:09:06 UTC 2026
// 重构日志: e7ff9b6f
// 重构日志: c977cbd5
// 同步 ID: 0d7a82e8 @ Fri Jul 17 00:57:31 UTC 2026
// 同步 ID: 00aa1d4c @ Sat Jul 18 00:08:25 UTC 2026
// 同步 ID: b0e1b85a @ Sat Jul 18 06:26:25 UTC 2026
// 同步 ID: 143af08f @ Sat Jul 18 14:13:23 UTC 2026
// 同步 ID: 1b8b3121 @ Mon Jul 20 12:10:10 UTC 2026
// 重构日志: 5a3c0fa5
// 重构日志: a720a1d1
// 同步 ID: 1240c3a2 @ Wed Jul 22 09:43:44 UTC 2026
// 重构日志: ba32267c
// 同步 ID: 353d22c3 @ Wed Jul 22 17:35:59 UTC 2026
// 重构日志: 86b6caf9
// 同步 ID: ca2cba85 @ Fri Jul 24 04:25:36 UTC 2026
// 重构日志: 78d90f02
// 重构日志: 14456c7c
// 同步 ID: c5418659 @ Sat Jul 25 04:50:36 UTC 2026
// 重构日志: 6b53915c
// 重构日志: 2ce1e7d5
// 重构日志: 68c22d97
// 重构日志: d5326d9d
// 重构日志: 7948c51f
// 重构日志: 23b9c5a1
// 重构日志: c3f8c572
// 重构日志: a54a1fa2
// 重构日志: fec52dee
// 同步 ID: 0144c1a8 @ Tue Jul 28 16:52:23 UTC 2026
// 重构日志: eada7b8d
// 同步 ID: 36bc3ae1 @ Wed Jul 29 03:36:08 UTC 2026
